// Jest Snapshot v1, https://goo.gl/fbAQLP

exports[`Nav component matches snapshot 1`] = `
<DocumentFragment>
  <header
    class="flex-row px-1"
  >
    <h2>
      <a
        data-testid="link"
        href="/"
      >
        <span
          aria-label="camera"
          role="img"
        >
           ðŸ“¸
        </span>
         Mattrick127s Page
      </a>
    </h2>
    <nav>
      <ul
        class="flex-row"
      >
        <li
          class="mx-2"
        >
          <a
            data-testid="about"
            href="#about"
          >
            About me
          </a>
        </li>
        <li
          class="mx-2"
        >
          <span>
            Contact
          </span>
        </li>
        <li
          class="mx-1"
        >
          <span>
            About
          </span>
        </li>
        <li
          class="mx-1"
        >
          <span>
            Portfolio
          </span>
        </li>
        <li
          class="mx-1"
        >
          <span>
            Contact
          </span>
        </li>
        <li
          class="mx-1"
        >
          <span>
            Resume
          </span>
        </li>
      </ul>
    </nav>
  </header>
</DocumentFragment>
`;
